Archive member included because of file (symbol)

c:/winavr-20100110/bin/../lib/gcc/avr/4.3.3/avr51\libgcc.a(_mulsi3.o)
                              filter.o (__mulsi3)
c:/winavr-20100110/bin/../lib/gcc/avr/4.3.3/avr51\libgcc.a(_exit.o)
                              c:/winavr-20100110/bin/../lib/gcc/avr/4.3.3/../../../../avr/lib/avr51/crtm1281.o (exit)
c:/winavr-20100110/bin/../lib/gcc/avr/4.3.3/avr51\libgcc.a(_clear_bss.o)
                              MDV_PR.o (__do_clear_bss)
c:/winavr-20100110/bin/../lib/gcc/avr/4.3.3/../../../../avr/lib/avr51\libc.a(atoi.o)
                              command.o (atoi)
c:/winavr-20100110/bin/../lib/gcc/avr/4.3.3/../../../../avr/lib/avr51\libc.a(atol.o)
                              command.o (atol)
c:/winavr-20100110/bin/../lib/gcc/avr/4.3.3/../../../../avr/lib/avr51\libc.a(strtok.o)
                              command.o (strtok)
c:/winavr-20100110/bin/../lib/gcc/avr/4.3.3/../../../../avr/lib/avr51\libc.a(strncmp.o)
                              command.o (strncmp)
c:/winavr-20100110/bin/../lib/gcc/avr/4.3.3/../../../../avr/lib/avr51\libc.a(strtok_r.o)
                              c:/winavr-20100110/bin/../lib/gcc/avr/4.3.3/../../../../avr/lib/avr51\libc.a(strtok.o) (strtok_r)
c:/winavr-20100110/bin/../lib/gcc/avr/4.3.3/../../../../avr/lib/avr51\libc.a(mulsi10.o)
                              c:/winavr-20100110/bin/../lib/gcc/avr/4.3.3/../../../../avr/lib/avr51\libc.a(atol.o) (__mulsi_const_10)
c:/winavr-20100110/bin/../lib/gcc/avr/4.3.3/../../../../avr/lib/avr51\libc.a(mul10.o)
                              c:/winavr-20100110/bin/../lib/gcc/avr/4.3.3/../../../../avr/lib/avr51\libc.a(atoi.o) (__mulhi_const_10)

Allocating common symbols
Common symbol       size              file

decimation          0x1               MDV_PR.o

Memory Configuration

Name             Origin             Length             Attributes
text             0x00000000         0x00020000         xr
data             0x00800060         0x0000ffa0         rw !x
eeprom           0x00810000         0x00010000         rw !x
fuse             0x00820000         0x00000400         rw !x
lock             0x00830000         0x00000400         rw !x
signature        0x00840000         0x00000400         rw !x
*default*        0x00000000         0xffffffff

Linker script and memory map

Address of section .data set to 0x800200
LOAD c:/winavr-20100110/bin/../lib/gcc/avr/4.3.3/../../../../avr/lib/avr51/crtm1281.o
LOAD MDV_PR.o
LOAD serial.o
LOAD command.o
LOAD filter.o
LOAD fifo.o
LOAD adc.o
LOAD c:/winavr-20100110/bin/../lib/gcc/avr/4.3.3/avr51\libgcc.a
LOAD c:/winavr-20100110/bin/../lib/gcc/avr/4.3.3/../../../../avr/lib/avr51\libc.a
LOAD c:/winavr-20100110/bin/../lib/gcc/avr/4.3.3/avr51\libgcc.a

.hash
 *(.hash)

.dynsym
 *(.dynsym)

.dynstr
 *(.dynstr)

.gnu.version
 *(.gnu.version)

.gnu.version_d
 *(.gnu.version_d)

.gnu.version_r
 *(.gnu.version_r)

.rel.init
 *(.rel.init)

.rela.init
 *(.rela.init)

.rel.text
 *(.rel.text)
 *(.rel.text.*)
 *(.rel.gnu.linkonce.t*)

.rela.text
 *(.rela.text)
 *(.rela.text.*)
 *(.rela.gnu.linkonce.t*)

.rel.fini
 *(.rel.fini)

.rela.fini
 *(.rela.fini)

.rel.rodata
 *(.rel.rodata)
 *(.rel.rodata.*)
 *(.rel.gnu.linkonce.r*)

.rela.rodata
 *(.rela.rodata)
 *(.rela.rodata.*)
 *(.rela.gnu.linkonce.r*)

.rel.data
 *(.rel.data)
 *(.rel.data.*)
 *(.rel.gnu.linkonce.d*)

.rela.data
 *(.rela.data)
 *(.rela.data.*)
 *(.rela.gnu.linkonce.d*)

.rel.ctors
 *(.rel.ctors)

.rela.ctors
 *(.rela.ctors)

.rel.dtors
 *(.rel.dtors)

.rela.dtors
 *(.rela.dtors)

.rel.got
 *(.rel.got)

.rela.got
 *(.rela.got)

.rel.bss
 *(.rel.bss)

.rela.bss
 *(.rela.bss)

.rel.plt
 *(.rel.plt)

.rela.plt
 *(.rela.plt)

.text           0x00000000      0xda2
 *(.vectors)
 .vectors       0x00000000       0xcc c:/winavr-20100110/bin/../lib/gcc/avr/4.3.3/../../../../avr/lib/avr51/crtm1281.o
                0x00000000                __vectors
                0x00000000                __vector_default
 *(.vectors)
 *(.progmem.gcc*)
 *(.progmem*)
                0x000000cc                . = ALIGN (0x2)
                0x000000cc                __trampolines_start = .
 *(.trampolines)
 .trampolines   0x000000cc        0x0 linker stubs
 *(.trampolines*)
                0x000000cc                __trampolines_end = .
 *(.jumptables)
 *(.jumptables*)
 *(.lowtext)
 *(.lowtext*)
                0x000000cc                __ctors_start = .
 *(.ctors)
                0x000000cc                __ctors_end = .
                0x000000cc                __dtors_start = .
 *(.dtors)
                0x000000cc                __dtors_end = .
 SORT(*)(.ctors)
 SORT(*)(.dtors)
 *(.init0)
 .init0         0x000000cc        0x0 c:/winavr-20100110/bin/../lib/gcc/avr/4.3.3/../../../../avr/lib/avr51/crtm1281.o
                0x000000cc                __init
 *(.init0)
 *(.init1)
 *(.init1)
 *(.init2)
 .init2         0x000000cc        0xc c:/winavr-20100110/bin/../lib/gcc/avr/4.3.3/../../../../avr/lib/avr51/crtm1281.o
 *(.init2)
 *(.init3)
 *(.init3)
 *(.init4)
 .init4         0x000000d8       0x1a c:/winavr-20100110/bin/../lib/gcc/avr/4.3.3/../../../../avr/lib/avr51/crtm1281.o
                0x000000d8                __do_copy_data
 .init4         0x000000f2       0x10 c:/winavr-20100110/bin/../lib/gcc/avr/4.3.3/avr51\libgcc.a(_clear_bss.o)
                0x000000f2                __do_clear_bss
 *(.init4)
 *(.init5)
 *(.init5)
 *(.init6)
 *(.init6)
 *(.init7)
 *(.init7)
 *(.init8)
 *(.init8)
 *(.init9)
 .init9         0x00000102        0x8 c:/winavr-20100110/bin/../lib/gcc/avr/4.3.3/../../../../avr/lib/avr51/crtm1281.o
 *(.init9)
 *(.text)
 .text          0x0000010a        0x4 c:/winavr-20100110/bin/../lib/gcc/avr/4.3.3/../../../../avr/lib/avr51/crtm1281.o
                0x0000010a                __vector_38
                0x0000010a                __vector_22
                0x0000010a                __vector_28
                0x0000010a                __vector_1
                0x0000010a                __vector_32
                0x0000010a                __vector_34
                0x0000010a                __vector_24
                0x0000010a                __vector_12
                0x0000010a                __vector_46
                0x0000010a                __bad_interrupt
                0x0000010a                __vector_6
                0x0000010a                __vector_31
                0x0000010a                __vector_35
                0x0000010a                __vector_39
                0x0000010a                __vector_3
                0x0000010a                __vector_23
                0x0000010a                __vector_30
                0x0000010a                __vector_45
                0x0000010a                __vector_25
                0x0000010a                __vector_11
                0x0000010a                __vector_13
                0x0000010a                __vector_19
                0x0000010a                __vector_7
                0x0000010a                __vector_49
                0x0000010a                __vector_41
                0x0000010a                __vector_43
                0x0000010a                __vector_27
                0x0000010a                __vector_5
                0x0000010a                __vector_33
                0x0000010a                __vector_47
                0x0000010a                __vector_4
                0x0000010a                __vector_44
                0x0000010a                __vector_9
                0x0000010a                __vector_2
                0x0000010a                __vector_21
                0x0000010a                __vector_15
                0x0000010a                __vector_40
                0x0000010a                __vector_8
                0x0000010a                __vector_26
                0x0000010a                __vector_48
                0x0000010a                __vector_14
                0x0000010a                __vector_10
                0x0000010a                __vector_50
                0x0000010a                __vector_16
                0x0000010a                __vector_20
                0x0000010a                __vector_42
 .text          0x0000010e       0x94 MDV_PR.o
                0x0000010e                main
 .text          0x000001a2      0x234 serial.o
                0x000001a2                serialNewLines
                0x00000308                serialSendString
                0x0000038e                serialInit
                0x000002c2                bytesInRcvBuf
                0x00000242                __vector_37
                0x000002ea                serialSendByte
                0x000001de                serialReadLine
                0x00000320                __vector_36
                0x000001ae                serialReadByte
                0x000002cc                serialSendWord
 .text          0x000003d6      0x19e command.o
                0x000003d6                checkMessages
 .text          0x00000574      0x1aa filter.o
                0x000005d4                filterFIR
                0x00000590                filterWrite2Buf
                0x000006a2                filterFIRDecim
                0x00000574                filterReset
                0x0000057e                filterWaitingVals
                0x0000059c                filterIdentity
                0x0000070c                filterInit
 .text          0x0000071e      0x2ca fifo.o
                0x0000073c                fifoClear
                0x00000752                fifoPushByte
                0x000007c0                fifoPushWord
                0x0000096a                fifoReadWord
                0x000008f0                fifoPopWord
                0x000009d8                fifoBytes
                0x00000880                fifoPopByte
                0x0000071e                fifoInit
 .text          0x000009e8      0x240 adc.o
                0x00000a10                adcInit
                0x000009e8                __vector_17
                0x00000ae4                adcIsRunning
                0x00000a46                adcStart
                0x00000b04                __vector_29
                0x000009fc                __vector_18
 .text          0x00000c28        0x0 c:/winavr-20100110/bin/../lib/gcc/avr/4.3.3/avr51\libgcc.a(_mulsi3.o)
 .text          0x00000c28        0x0 c:/winavr-20100110/bin/../lib/gcc/avr/4.3.3/avr51\libgcc.a(_exit.o)
 .text          0x00000c28        0x0 c:/winavr-20100110/bin/../lib/gcc/avr/4.3.3/avr51\libgcc.a(_clear_bss.o)
 .text          0x00000c28        0x0 c:/winavr-20100110/bin/../lib/gcc/avr/4.3.3/../../../../avr/lib/avr51\libc.a(atoi.o)
 .text          0x00000c28        0x0 c:/winavr-20100110/bin/../lib/gcc/avr/4.3.3/../../../../avr/lib/avr51\libc.a(atol.o)
 .text          0x00000c28        0x0 c:/winavr-20100110/bin/../lib/gcc/avr/4.3.3/../../../../avr/lib/avr51\libc.a(strtok.o)
 .text          0x00000c28        0x0 c:/winavr-20100110/bin/../lib/gcc/avr/4.3.3/../../../../avr/lib/avr51\libc.a(strncmp.o)
 .text          0x00000c28        0x0 c:/winavr-20100110/bin/../lib/gcc/avr/4.3.3/../../../../avr/lib/avr51\libc.a(strtok_r.o)
 .text          0x00000c28        0x0 c:/winavr-20100110/bin/../lib/gcc/avr/4.3.3/../../../../avr/lib/avr51\libc.a(mulsi10.o)
 .text          0x00000c28        0x0 c:/winavr-20100110/bin/../lib/gcc/avr/4.3.3/../../../../avr/lib/avr51\libc.a(mul10.o)
                0x00000c28                . = ALIGN (0x2)
 *(.text.*)
 .text.libgcc   0x00000c28       0x3e c:/winavr-20100110/bin/../lib/gcc/avr/4.3.3/avr51\libgcc.a(_mulsi3.o)
                0x00000c28                __mulsi3
 .text.libgcc   0x00000c66        0x0 c:/winavr-20100110/bin/../lib/gcc/avr/4.3.3/avr51\libgcc.a(_exit.o)
 .text.libgcc   0x00000c66        0x0 c:/winavr-20100110/bin/../lib/gcc/avr/4.3.3/avr51\libgcc.a(_clear_bss.o)
 .text.avr-libc
                0x00000c66       0x3c c:/winavr-20100110/bin/../lib/gcc/avr/4.3.3/../../../../avr/lib/avr51\libc.a(atoi.o)
                0x00000c66                atoi
 .text.avr-libc
                0x00000ca2       0x4e c:/winavr-20100110/bin/../lib/gcc/avr/4.3.3/../../../../avr/lib/avr51\libc.a(atol.o)
                0x00000ca2                atol
 .text.avr-libc
                0x00000cf0        0xa c:/winavr-20100110/bin/../lib/gcc/avr/4.3.3/../../../../avr/lib/avr51\libc.a(strtok.o)
                0x00000cf0                strtok
 .text.avr-libc
                0x00000cfa       0x1c c:/winavr-20100110/bin/../lib/gcc/avr/4.3.3/../../../../avr/lib/avr51\libc.a(strncmp.o)
                0x00000cfa                strncmp
 .text.avr-libc
                0x00000d16       0x4e c:/winavr-20100110/bin/../lib/gcc/avr/4.3.3/../../../../avr/lib/avr51\libc.a(strtok_r.o)
                0x00000d16                strtok_r
 .text.avr-libc
                0x00000d64       0x2a c:/winavr-20100110/bin/../lib/gcc/avr/4.3.3/../../../../avr/lib/avr51\libc.a(mulsi10.o)
                0x00000d64                __mulsi_const_10
 .text.avr-libc
                0x00000d8e       0x10 c:/winavr-20100110/bin/../lib/gcc/avr/4.3.3/../../../../avr/lib/avr51\libc.a(mul10.o)
                0x00000d8e                __mulhi_const_10
                0x00000d9e                . = ALIGN (0x2)
 *(.fini9)
 .fini9         0x00000d9e        0x0 c:/winavr-20100110/bin/../lib/gcc/avr/4.3.3/avr51\libgcc.a(_exit.o)
                0x00000d9e                exit
                0x00000d9e                _exit
 *(.fini9)
 *(.fini8)
 *(.fini8)
 *(.fini7)
 *(.fini7)
 *(.fini6)
 *(.fini6)
 *(.fini5)
 *(.fini5)
 *(.fini4)
 *(.fini4)
 *(.fini3)
 *(.fini3)
 *(.fini2)
 *(.fini2)
 *(.fini1)
 *(.fini1)
 *(.fini0)
 .fini0         0x00000d9e        0x4 c:/winavr-20100110/bin/../lib/gcc/avr/4.3.3/avr51\libgcc.a(_exit.o)
 *(.fini0)
                0x00000da2                _etext = .

.data           0x00800200      0x2d2 load address 0x00000da2
                0x00800200                PROVIDE (__data_start, .)
 *(.data)
 .data          0x00800200        0x0 c:/winavr-20100110/bin/../lib/gcc/avr/4.3.3/../../../../avr/lib/avr51/crtm1281.o
 .data          0x00800200        0xe MDV_PR.o
 .data          0x0080020e        0x0 serial.o
 .data          0x0080020e       0x29 command.o
 .data          0x00800237      0x29a filter.o
 .data          0x008004d1        0x0 fifo.o
 .data          0x008004d1        0x0 adc.o
 .data          0x008004d1        0x0 c:/winavr-20100110/bin/../lib/gcc/avr/4.3.3/avr51\libgcc.a(_mulsi3.o)
 .data          0x008004d1        0x0 c:/winavr-20100110/bin/../lib/gcc/avr/4.3.3/avr51\libgcc.a(_exit.o)
 .data          0x008004d1        0x0 c:/winavr-20100110/bin/../lib/gcc/avr/4.3.3/avr51\libgcc.a(_clear_bss.o)
 .data          0x008004d1        0x0 c:/winavr-20100110/bin/../lib/gcc/avr/4.3.3/../../../../avr/lib/avr51\libc.a(atoi.o)
 .data          0x008004d1        0x0 c:/winavr-20100110/bin/../lib/gcc/avr/4.3.3/../../../../avr/lib/avr51\libc.a(atol.o)
 .data          0x008004d1        0x0 c:/winavr-20100110/bin/../lib/gcc/avr/4.3.3/../../../../avr/lib/avr51\libc.a(strtok.o)
 .data          0x008004d1        0x0 c:/winavr-20100110/bin/../lib/gcc/avr/4.3.3/../../../../avr/lib/avr51\libc.a(strncmp.o)
 .data          0x008004d1        0x0 c:/winavr-20100110/bin/../lib/gcc/avr/4.3.3/../../../../avr/lib/avr51\libc.a(strtok_r.o)
 .data          0x008004d1        0x0 c:/winavr-20100110/bin/../lib/gcc/avr/4.3.3/../../../../avr/lib/avr51\libc.a(mulsi10.o)
 .data          0x008004d1        0x0 c:/winavr-20100110/bin/../lib/gcc/avr/4.3.3/../../../../avr/lib/avr51\libc.a(mul10.o)
 *(.data*)
 *(.rodata)
 *(.rodata*)
 *(.gnu.linkonce.d*)
                0x008004d2                . = ALIGN (0x2)
 *fill*         0x008004d1        0x1 00
                0x008004d2                _edata = .
                0x008004d2                PROVIDE (__data_end, .)

.bss            0x008004d2     0x10ad
                0x008004d2                PROVIDE (__bss_start, .)
 *(.bss)
 .bss           0x008004d2        0x0 c:/winavr-20100110/bin/../lib/gcc/avr/4.3.3/../../../../avr/lib/avr51/crtm1281.o
 .bss           0x008004d2        0x0 MDV_PR.o
 .bss           0x008004d2       0x96 serial.o
 .bss           0x00800568        0x0 command.o
 .bss           0x00800568     0x100a filter.o
 .bss           0x00801572        0x0 fifo.o
 .bss           0x00801572        0xa adc.o
 .bss           0x0080157c        0x0 c:/winavr-20100110/bin/../lib/gcc/avr/4.3.3/avr51\libgcc.a(_mulsi3.o)
 .bss           0x0080157c        0x0 c:/winavr-20100110/bin/../lib/gcc/avr/4.3.3/avr51\libgcc.a(_exit.o)
 .bss           0x0080157c        0x0 c:/winavr-20100110/bin/../lib/gcc/avr/4.3.3/avr51\libgcc.a(_clear_bss.o)
 .bss           0x0080157c        0x0 c:/winavr-20100110/bin/../lib/gcc/avr/4.3.3/../../../../avr/lib/avr51\libc.a(atoi.o)
 .bss           0x0080157c        0x0 c:/winavr-20100110/bin/../lib/gcc/avr/4.3.3/../../../../avr/lib/avr51\libc.a(atol.o)
 .bss           0x0080157c        0x2 c:/winavr-20100110/bin/../lib/gcc/avr/4.3.3/../../../../avr/lib/avr51\libc.a(strtok.o)
 .bss           0x0080157e        0x0 c:/winavr-20100110/bin/../lib/gcc/avr/4.3.3/../../../../avr/lib/avr51\libc.a(strncmp.o)
 .bss           0x0080157e        0x0 c:/winavr-20100110/bin/../lib/gcc/avr/4.3.3/../../../../avr/lib/avr51\libc.a(strtok_r.o)
 .bss           0x0080157e        0x0 c:/winavr-20100110/bin/../lib/gcc/avr/4.3.3/../../../../avr/lib/avr51\libc.a(mulsi10.o)
 .bss           0x0080157e        0x0 c:/winavr-20100110/bin/../lib/gcc/avr/4.3.3/../../../../avr/lib/avr51\libc.a(mul10.o)
 *(.bss*)
 *(COMMON)
 COMMON         0x0080157e        0x1 MDV_PR.o
                0x0080157e                decimation
                0x0080157f                PROVIDE (__bss_end, .)
                0x00000da2                __data_load_start = LOADADDR (.data)
                0x00001074                __data_load_end = (__data_load_start + SIZEOF (.data))

.noinit         0x0080157f        0x0
                0x0080157f                PROVIDE (__noinit_start, .)
 *(.noinit*)
                0x0080157f                PROVIDE (__noinit_end, .)
                0x0080157f                _end = .
                0x0080157f                PROVIDE (__heap_start, .)

.eeprom         0x00810000        0x0
 *(.eeprom*)
                0x00810000                __eeprom_end = .

.fuse
 *(.fuse)
 *(.lfuse)
 *(.hfuse)
 *(.efuse)

.lock
 *(.lock*)

.signature
 *(.signature*)

.stab
 *(.stab)

.stabstr
 *(.stabstr)

.stab.excl
 *(.stab.excl)

.stab.exclstr
 *(.stab.exclstr)

.stab.index
 *(.stab.index)

.stab.indexstr
 *(.stab.indexstr)

.comment
 *(.comment)

.debug
 *(.debug)

.line
 *(.line)

.debug_srcinfo
 *(.debug_srcinfo)

.debug_sfnames
 *(.debug_sfnames)

.debug_aranges  0x00000000       0xc0
 *(.debug_aranges)
 .debug_aranges
                0x00000000       0x20 MDV_PR.o
 .debug_aranges
                0x00000020       0x20 serial.o
 .debug_aranges
                0x00000040       0x20 command.o
 .debug_aranges
                0x00000060       0x20 filter.o
 .debug_aranges
                0x00000080       0x20 fifo.o
 .debug_aranges
                0x000000a0       0x20 adc.o

.debug_pubnames
                0x00000000      0x2ad
 *(.debug_pubnames)
 .debug_pubnames
                0x00000000       0x2a MDV_PR.o
 .debug_pubnames
                0x0000002a       0xc7 serial.o
 .debug_pubnames
                0x000000f1       0x24 command.o
 .debug_pubnames
                0x00000115       0x9e filter.o
 .debug_pubnames
                0x000001b3       0x8e fifo.o
 .debug_pubnames
                0x00000241       0x6c adc.o

.debug_info     0x00000000     0x10e8
 *(.debug_info)
 .debug_info    0x00000000      0x18d MDV_PR.o
 .debug_info    0x0000018d      0x362 serial.o
 .debug_info    0x000004ef      0x1a9 command.o
 .debug_info    0x00000698      0x28c filter.o
 .debug_info    0x00000924      0x5c1 fifo.o
 .debug_info    0x00000ee5      0x203 adc.o
 *(.gnu.linkonce.wi.*)

.debug_abbrev   0x00000000      0x6eb
 *(.debug_abbrev)
 .debug_abbrev  0x00000000       0xef MDV_PR.o
 .debug_abbrev  0x000000ef      0x144 serial.o
 .debug_abbrev  0x00000233       0xd8 command.o
 .debug_abbrev  0x0000030b      0x151 filter.o
 .debug_abbrev  0x0000045c      0x19a fifo.o
 .debug_abbrev  0x000005f6       0xf5 adc.o

.debug_line     0x00000000      0xd21
 *(.debug_line)
 .debug_line    0x00000000      0x1c3 MDV_PR.o
 .debug_line    0x000001c3      0x23b serial.o
 .debug_line    0x000003fe      0x19e command.o
 .debug_line    0x0000059c      0x1a8 filter.o
 .debug_line    0x00000744      0x3b6 fifo.o
 .debug_line    0x00000afa      0x227 adc.o

.debug_frame    0x00000000      0x270
 *(.debug_frame)
 .debug_frame   0x00000000       0x20 MDV_PR.o
 .debug_frame   0x00000020       0xb0 serial.o
 .debug_frame   0x000000d0       0x20 command.o
 .debug_frame   0x000000f0       0x80 filter.o
 .debug_frame   0x00000170       0x90 fifo.o
 .debug_frame   0x00000200       0x70 adc.o

.debug_str      0x00000000      0x48d
 *(.debug_str)
 .debug_str     0x00000000      0x126 MDV_PR.o
                                0x162 (size before relaxing)
 .debug_str     0x00000126      0x105 serial.o
                                0x1e9 (size before relaxing)
 .debug_str     0x0000022b       0x75 command.o
                                0x18b (size before relaxing)
 .debug_str     0x000002a0       0x93 filter.o
                                0x1b5 (size before relaxing)
 .debug_str     0x00000333       0x9b fifo.o
                                0x1ad (size before relaxing)
 .debug_str     0x000003ce       0xbf adc.o
                                0x1d0 (size before relaxing)

.debug_loc      0x00000000      0x7a3
 *(.debug_loc)
 .debug_loc     0x00000000       0x4c MDV_PR.o
 .debug_loc     0x0000004c      0x1ca serial.o
 .debug_loc     0x00000216      0x1b9 command.o
 .debug_loc     0x000003cf       0x94 filter.o
 .debug_loc     0x00000463      0x2d8 fifo.o
 .debug_loc     0x0000073b       0x68 adc.o

.debug_macinfo
 *(.debug_macinfo)
OUTPUT(MDV_PR.elf elf32-avr)
LOAD linker stubs

.debug_ranges   0x00000000       0x30
 .debug_ranges  0x00000000       0x30 fifo.o
